[2024-06-19 02:24:48] production.INFO: ............. Job Processing:: App\Listeners\Order\OrderBeenPaid .................  
[2024-06-19 02:24:48] production.INFO: array (
  'payload' => 
  array (
    'uuid' => '6b59631c-2f3d-4d95-a2f7-8c4dab7ffd94',
    'displayName' => 'App\\Listeners\\Order\\OrderBeenPaid',
    'job' => 'Illuminate\\Queue\\CallQueuedHandler@call',
    'maxTries' => 5,
    'maxExceptions' => NULL,
    'failOnTimeout' => false,
    'backoff' => NULL,
    'timeout' => NULL,
    'retryUntil' => NULL,
    'data' => 
    array (
      'commandName' => 'Illuminate\\Events\\CallQueuedListener',
      'command' => 'O:36:"Illuminate\\Events\\CallQueuedListener":19:{s:5:"class";s:33:"App\\Listeners\\Order\\OrderBeenPaid";s:6:"method";s:6:"handle";s:4:"data";a:1:{i:0;O:26:"App\\Events\\Order\\OrderPaid":2:{s:5:"order";O:45:"Illuminate\\Contracts\\Database\\ModelIdentifier":4:{s:5:"class";s:16:"App\\Models\\Order";s:2:"id";i:40;s:9:"relations";a:1:{i:0;s:4:"shop";}s:10:"connection";s:5:"mysql";}s:15:"notify_customer";N;}}s:5:"tries";i:5;s:13:"maxExceptions";N;s:7:"backoff";N;s:10:"retryUntil";N;s:7:"timeout";N;s:17:"shouldBeEncrypted";b:0;s:3:"job";N;s:10:"connection";N;s:5:"queue";N;s:15:"chainConnection";N;s:10:"chainQueue";N;s:19:"chainCatchCallbacks";N;s:5:"delay";N;s:11:"afterCommit";N;s:10:"middleware";a:0:{}s:7:"chained";a:0:{}}',
    ),
  ),
)  
[2024-06-19 02:24:48] production.INFO: ............. Job Processing:: App\Notifications\Order\OrderBeenPaid .................  
[2024-06-19 02:24:48] production.INFO: array (
  'payload' => 
  array (
    'uuid' => 'a4381ab2-9a59-4a2f-9be4-a444d7d7a099',
    'displayName' => 'App\\Notifications\\Order\\OrderBeenPaid',
    'job' => 'Illuminate\\Queue\\CallQueuedHandler@call',
    'maxTries' => NULL,
    'maxExceptions' => NULL,
    'failOnTimeout' => false,
    'backoff' => NULL,
    'timeout' => NULL,
    'retryUntil' => NULL,
    'data' => 
    array (
      'commandName' => 'Illuminate\\Notifications\\SendQueuedNotifications',
      'command' => 'O:48:"Illuminate\\Notifications\\SendQueuedNotifications":16:{s:11:"notifiables";O:45:"Illuminate\\Contracts\\Database\\ModelIdentifier":4:{s:5:"class";s:19:"App\\Models\\Customer";s:2:"id";a:1:{i:0;i:25;}s:9:"relations";a:0:{}s:10:"connection";s:5:"mysql";}s:12:"notification";O:37:"App\\Notifications\\Order\\OrderBeenPaid":12:{s:5:"order";O:45:"Illuminate\\Contracts\\Database\\ModelIdentifier":4:{s:5:"class";s:16:"App\\Models\\Order";s:2:"id";i:40;s:9:"relations";a:2:{i:0;s:4:"shop";i:1;s:8:"customer";}s:10:"connection";s:5:"mysql";}s:2:"id";s:36:"b4fa83c7-a0e5-4b56-9474-d9cab4422902";s:6:"locale";N;s:10:"connection";N;s:5:"queue";N;s:15:"chainConnection";N;s:10:"chainQueue";N;s:19:"chainCatchCallbacks";N;s:5:"delay";N;s:11:"afterCommit";N;s:10:"middleware";a:0:{}s:7:"chained";a:0:{}}s:8:"channels";a:1:{i:0;s:4:"mail";}s:5:"tries";N;s:7:"timeout";N;s:17:"shouldBeEncrypted";b:0;s:3:"job";N;s:10:"connection";N;s:5:"queue";N;s:15:"chainConnection";N;s:10:"chainQueue";N;s:19:"chainCatchCallbacks";N;s:5:"delay";N;s:11:"afterCommit";N;s:10:"middleware";a:0:{}s:7:"chained";a:0:{}}',
    ),
  ),
)  
[2024-06-19 02:24:49] production.INFO: ......................... Job Processed Successfully .............................  
[2024-06-19 02:24:49] production.INFO: ............. Job Processing:: App\Notifications\Order\OrderBeenPaid .................  
[2024-06-19 02:24:49] production.INFO: array (
  'payload' => 
  array (
    'uuid' => '2fe0732a-7092-432f-98dc-cc7bb1f1af84',
    'displayName' => 'App\\Notifications\\Order\\OrderBeenPaid',
    'job' => 'Illuminate\\Queue\\CallQueuedHandler@call',
    'maxTries' => NULL,
    'maxExceptions' => NULL,
    'failOnTimeout' => false,
    'backoff' => NULL,
    'timeout' => NULL,
    'retryUntil' => NULL,
    'data' => 
    array (
      'commandName' => 'Illuminate\\Notifications\\SendQueuedNotifications',
      'command' => 'O:48:"Illuminate\\Notifications\\SendQueuedNotifications":16:{s:11:"notifiables";O:45:"Illuminate\\Contracts\\Database\\ModelIdentifier":4:{s:5:"class";s:19:"App\\Models\\Customer";s:2:"id";a:1:{i:0;i:25;}s:9:"relations";a:0:{}s:10:"connection";s:5:"mysql";}s:12:"notification";O:37:"App\\Notifications\\Order\\OrderBeenPaid":12:{s:5:"order";O:45:"Illuminate\\Contracts\\Database\\ModelIdentifier":4:{s:5:"class";s:16:"App\\Models\\Order";s:2:"id";i:40;s:9:"relations";a:2:{i:0;s:4:"shop";i:1;s:8:"customer";}s:10:"connection";s:5:"mysql";}s:2:"id";s:36:"b4fa83c7-a0e5-4b56-9474-d9cab4422902";s:6:"locale";N;s:10:"connection";N;s:5:"queue";N;s:15:"chainConnection";N;s:10:"chainQueue";N;s:19:"chainCatchCallbacks";N;s:5:"delay";N;s:11:"afterCommit";N;s:10:"middleware";a:0:{}s:7:"chained";a:0:{}}s:8:"channels";a:1:{i:0;s:8:"database";}s:5:"tries";N;s:7:"timeout";N;s:17:"shouldBeEncrypted";b:0;s:3:"job";N;s:10:"connection";N;s:5:"queue";N;s:15:"chainConnection";N;s:10:"chainQueue";N;s:19:"chainCatchCallbacks";N;s:5:"delay";N;s:11:"afterCommit";N;s:10:"middleware";a:0:{}s:7:"chained";a:0:{}}',
    ),
  ),
)  
[2024-06-19 02:24:49] production.INFO: ......................... Job Processed Successfully .............................  
[2024-06-19 02:24:49] production.INFO: ......................... Job Processed Successfully .............................  
